current directory: /home/cac/dev/rails/TOP-PrivateEvents/.devenv/state/.bundle/ruby/3.4.0/gems/ed25519-1.4.0/ext/ed25519_ref10
/nix/store/ffab2776ms3n4akdgxqwh5w04jh4hw3i-ruby-3.4.5/bin/ruby extconf.rb
checking for whether -Wall is accepted as CFLAGS... yes
checking for whether -O3 is accepted as CFLAGS... yes
checking for whether -pedantic is accepted as CFLAGS... no
checking for whether -std=c99 is accepted as CFLAGS... yes
creating Makefile

current directory: /home/cac/dev/rails/TOP-PrivateEvents/.devenv/state/.bundle/ruby/3.4.0/gems/ed25519-1.4.0/ext/ed25519_ref10
make DESTDIR\= sitearchdir\=./.gem.20250823-24401-vqfwz sitelibdir\=./.gem.20250823-24401-vqfwz clean

current directory: /home/cac/dev/rails/TOP-PrivateEvents/.devenv/state/.bundle/ruby/3.4.0/gems/ed25519-1.4.0/ext/ed25519_ref10
make DESTDIR\= sitearchdir\=./.gem.20250823-24401-vqfwz sitelibdir\=./.gem.20250823-24401-vqfwz
compiling ed25519_ref10.c
compiling fe.c
compiling ge.c
compiling keypair.c
compiling open.c
compiling sc_muladd.c
compiling sc_reduce.c
compiling sha512.c
compiling sign.c
compiling verify.c
linking shared-object ed25519_ref10.so

current directory: /home/cac/dev/rails/TOP-PrivateEvents/.devenv/state/.bundle/ruby/3.4.0/gems/ed25519-1.4.0/ext/ed25519_ref10
make DESTDIR\= sitearchdir\=./.gem.20250823-24401-vqfwz sitelibdir\=./.gem.20250823-24401-vqfwz install
install -c -p -m 755 ed25519_ref10.so ./.gem.20250823-24401-vqfwz

current directory: /home/cac/dev/rails/TOP-PrivateEvents/.devenv/state/.bundle/ruby/3.4.0/gems/ed25519-1.4.0/ext/ed25519_ref10
make DESTDIR\= sitearchdir\=./.gem.20250823-24401-vqfwz sitelibdir\=./.gem.20250823-24401-vqfwz clean
