current directory: /home/cac/dev/rails/TOP-PrivateEvents/.devenv/state/.bundle/ruby/3.4.0/gems/json-2.13.2/ext/json/ext/parser
/nix/store/ffab2776ms3n4akdgxqwh5w04jh4hw3i-ruby-3.4.5/bin/ruby extconf.rb
checking for rb_enc_interned_str() in ruby/encoding.h... yes
checking for rb_hash_new_capa() in ruby.h... yes
checking for rb_hash_bulk_insert() in ruby.h... yes
checking for strnlen() in string.h... yes
checking for whether -std=c99 is accepted as CFLAGS... yes
checking for x86intrin.h... yes
checking for cpuid.h... yes
creating Makefile

current directory: /home/cac/dev/rails/TOP-PrivateEvents/.devenv/state/.bundle/ruby/3.4.0/gems/json-2.13.2/ext/json/ext/parser
make DESTDIR\= sitearchdir\=./.gem.20250823-24401-368oqc sitelibdir\=./.gem.20250823-24401-368oqc clean

current directory: /home/cac/dev/rails/TOP-PrivateEvents/.devenv/state/.bundle/ruby/3.4.0/gems/json-2.13.2/ext/json/ext/parser
make DESTDIR\= sitearchdir\=./.gem.20250823-24401-368oqc sitelibdir\=./.gem.20250823-24401-368oqc
compiling parser.c
linking shared-object json/ext/parser.so

current directory: /home/cac/dev/rails/TOP-PrivateEvents/.devenv/state/.bundle/ruby/3.4.0/gems/json-2.13.2/ext/json/ext/parser
make DESTDIR\= sitearchdir\=./.gem.20250823-24401-368oqc sitelibdir\=./.gem.20250823-24401-368oqc install
install -c -p -m 755 parser.so ./.gem.20250823-24401-368oqc/json/ext

current directory: /home/cac/dev/rails/TOP-PrivateEvents/.devenv/state/.bundle/ruby/3.4.0/gems/json-2.13.2/ext/json/ext/parser
make DESTDIR\= sitearchdir\=./.gem.20250823-24401-368oqc sitelibdir\=./.gem.20250823-24401-368oqc clean
