current directory: /home/cac/dev/rails/TOP-PrivateEvents/.devenv/state/.bundle/ruby/3.4.0/gems/date-3.4.1/ext/date
/nix/store/ffab2776ms3n4akdgxqwh5w04jh4hw3i-ruby-3.4.5/bin/ruby extconf.rb
checking for rb_category_warn()... yes
checking for timezone in time.h with -Werror... yes
checking for altzone in time.h with -Werror... no
creating Makefile

current directory: /home/cac/dev/rails/TOP-PrivateEvents/.devenv/state/.bundle/ruby/3.4.0/gems/date-3.4.1/ext/date
make DESTDIR\= sitearchdir\=./.gem.20250820-77169-3fvt8f sitelibdir\=./.gem.20250820-77169-3fvt8f clean

current directory: /home/cac/dev/rails/TOP-PrivateEvents/.devenv/state/.bundle/ruby/3.4.0/gems/date-3.4.1/ext/date
make DESTDIR\= sitearchdir\=./.gem.20250820-77169-3fvt8f sitelibdir\=./.gem.20250820-77169-3fvt8f
compiling date_core.c
compiling date_parse.c
compiling date_strftime.c
compiling date_strptime.c
linking shared-object date_core.so

current directory: /home/cac/dev/rails/TOP-PrivateEvents/.devenv/state/.bundle/ruby/3.4.0/gems/date-3.4.1/ext/date
make DESTDIR\= sitearchdir\=./.gem.20250820-77169-3fvt8f sitelibdir\=./.gem.20250820-77169-3fvt8f install
install -c -p -m 755 date_core.so ./.gem.20250820-77169-3fvt8f

current directory: /home/cac/dev/rails/TOP-PrivateEvents/.devenv/state/.bundle/ruby/3.4.0/gems/date-3.4.1/ext/date
make DESTDIR\= sitearchdir\=./.gem.20250820-77169-3fvt8f sitelibdir\=./.gem.20250820-77169-3fvt8f clean
