current directory: /home/cac/dev/rails/TOP-PrivateEvents/.devenv/state/.bundle/ruby/3.4.0/gems/psych-5.2.6/ext/psych
/nix/store/ffab2776ms3n4akdgxqwh5w04jh4hw3i-ruby-3.4.5/bin/ruby extconf.rb
checking for pkg-config for yaml-0.1... ["-I/nix/store/497q1aj5gwqz5dqfn98kqaxwdc40hnwg-libyaml-0.2.5-dev/include ", "-L/nix/store/vm48ny4npjn67ig0pz8vb2akrf0m6iwh-libyaml-0.2.5/lib", "-lyaml"]
checking for yaml.h... yes
checking for yaml_get_version() in -lyaml... yes
creating Makefile

current directory: /home/cac/dev/rails/TOP-PrivateEvents/.devenv/state/.bundle/ruby/3.4.0/gems/psych-5.2.6/ext/psych
make DESTDIR\= sitearchdir\=./.gem.20250820-77169-6q0567 sitelibdir\=./.gem.20250820-77169-6q0567 clean
cd libyaml && make clean
/bin/sh: line 1: cd: libyaml: No such file or directory
make: [Makefile:287: clean-so] Error 1 (ignored)

current directory: /home/cac/dev/rails/TOP-PrivateEvents/.devenv/state/.bundle/ruby/3.4.0/gems/psych-5.2.6/ext/psych
make DESTDIR\= sitearchdir\=./.gem.20250820-77169-6q0567 sitelibdir\=./.gem.20250820-77169-6q0567
compiling psych.c
compiling psych_emitter.c
compiling psych_parser.c
compiling psych_to_ruby.c
compiling psych_yaml_tree.c
linking shared-object psych.so

current directory: /home/cac/dev/rails/TOP-PrivateEvents/.devenv/state/.bundle/ruby/3.4.0/gems/psych-5.2.6/ext/psych
make DESTDIR\= sitearchdir\=./.gem.20250820-77169-6q0567 sitelibdir\=./.gem.20250820-77169-6q0567 install
install -c -p -m 755 psych.so ./.gem.20250820-77169-6q0567

current directory: /home/cac/dev/rails/TOP-PrivateEvents/.devenv/state/.bundle/ruby/3.4.0/gems/psych-5.2.6/ext/psych
make DESTDIR\= sitearchdir\=./.gem.20250820-77169-6q0567 sitelibdir\=./.gem.20250820-77169-6q0567 clean
cd libyaml && make clean
/bin/sh: line 1: cd: libyaml: No such file or directory
make: [Makefile:287: clean-so] Error 1 (ignored)
